Installation properties:
**************************
[dm-aullah@led35490 ~]$ cd /opt/apigee/
[dm-aullah@led35490 apigee]$ cd token/
[dm-aullah@led35490 token]$ ls
application
[dm-aullah@led35490 token]$ cd application/
[dm-aullah@led35490 application]$ ls
management-server.properties  openldap.properties  ui.properties
[dm-aullah@led35490 application]$ cat ui.properties
conf_application_application.secret="P@XvfFBpqh`m^q8>ORw/vbE7Iizuxltlc3bcvLjvD0_@wlYc:bA_7nsD1PKESrJd"
conf_apigee_apigee.mgmt.baseurl="http://10.70.114.166:8080/v1"
conf_apigee_apigee.mgmt.credential="f69f6975f889bb70a8d912288c28e94b3f37f06e251c1a3d99f614ecd27537002a56d7704d848e14bdfb4b134ac72a0a"
conf_apigee_mail.smtp.host="smtp.west.com"
conf_apigee_mail.smtp.port="25"
conf_apigee_mail.smtp.channel=""
conf_apigee_mail.smtp.tls="false"
conf_apigee_apigee.mgmt.mailfrom="Apigee Admin <apigee@west.com>"
conf_apigee-base_apigee.feature.usehttps="true"
[dm-aullah@led35490 application]$ cat openldap.properties
lib_settings_ldap_port=10389
lib_settings_ldap_sid=1
lib_settings_ldap_peer=10.65.149.53
lib_settings_apigee_bind_dn=cn=manager,dc=apigee,dc=com
[dm-aullah@led35490 application]$ cat management-server.properties
conf_zookeeper_connection.string=10.70.114.161:2181,10.70.114.162:2181,10.70.114.163:2181/
conf_system_region=dc-1
conf_credentials_cassandra.password=EYOjwedyxnFJXhZ2yHL+hw==
conf_credentials_cassandra.user=cassandra
conf_system_profile=management-server
conf_keymanagement-datastore-config_read.consistencylevel=LOCAL_QUORUM
conf_keymanagement-datastore-config_write.consistencylevel=LOCAL_QUORUM
conf_security_ldap.server.admin.dn=cn=manager,dc=apigee,dc=com
conf_security_ldap.server.host=
conf_security_ldap.server.admin.password=fHZX7KGU7wxdFdXXB7fwQA==
conf_security_ui.emailid=ApigeeAdmin@west.com
conf_security_ldap.server.port=10389
conf_webserver_http.port=8080
conf_query-service_pgDefaultUser=apigee
conf_query-service_dwDefaultUser=apigee
conf_analytics_aries.pg.username=apigee
conf_pg-ingest_userName=apigee
conf_pg-agent_userName=apigee
conf_pg-agent_password=25BuJPyEm6ItdAVOOfdE6A==
conf_pg-ingest_password=25BuJPyEm6ItdAVOOfdE6A==
conf_query-service_pgDefaultPwd=25BuJPyEm6ItdAVOOfdE6A==
conf_query-service_dwDefaultPwd=25BuJPyEm6ItdAVOOfdE6A==
conf_analytics_aries.pg.password=25BuJPyEm6ItdAVOOfdE6A==
schema_cassandra_keyspace_strategy_options=dc-1:3,dc-2:3
schema_cassandra_identityzone-schema_strategy_options='dc-1':'3','dc-2':'3'

Customer configuration properties:
**********************************
/opt/apigee/customer/application
[dm-aullah@led35490 application]$ cat ui.properties
conf_apigee-base_apigee.feature.enabletraceforinternaladdresses="true"
conf_apigee-base_apigee.feature.devportaltemplate="https://apicentral.west.com:8079/"
conf_apigee-base_apigee.feature.enableopenapiforinternaladdresses="true"
conf_apigee-base_apigee.feature.enablewsdlforinternaladdresses="true"
[dm-aullah@led35490 application]$ cat management-server.properties
conf_cluster_rpc.connect.timeout=40
conf_webserver_ssl.enabled=true
# Set next to true if all communications should be over HTTPS.
# Not recommended because many Edge internal calls use HTTP.
conf_webserver_http.turn.off=false
conf_webserver_ssl.port=8443
conf_webserver_keystore.path=/opt/apigee/customer/application/keystore.jks
# Enter the obfuscated keystore password below.
conf_webserver_keystore.password=OBF:1d3c1l1a1jg81jg41t331t331jd61jd21kxs1d2u
[dm-aullah@led35490 application]$

Component configuration properties:
***********************************

[dm-aullah@led35490 conf]$ cat apigee-base.conf
include "application.conf"

apigee.forgotPassword.EncryptionPassword="somethingDifficult"
apigee.forgotPassword.underscore.minimum="1"
apigee.forgotPassword.specialchars.minimum="1"
apigee.forgotPassword.lowecase.minimum="1"
apigee.forgotPassword.uppercase.minimum="1"
apigee.mgmt.mailFrom="Apigee Admin <apigee@west.com>"

#CSRF Error Handler
csrf.error.handler="utils.CsrfErrorHandler"

# Emails
# These emails values are used in conjunction with the email templates stored in email-templates/. Values in { } are replaced dynamically as many times as they appear, and if their presence is not desired, it is ok to remove them
apigee.emails.passwordReset.subject="Password Reset Request"
apigee.emails.userAddedExisting.subject="You Have Been Added to an Organization {organization}"
apigee.emails.userAddedNew.subject="An Account Has been Created for You at {companyNameShort}"

# trial account sample data
apigee.sampleData.apiProxies=["weatherapi", "oauth", "helloworld"]
apigee.sampleData.apiProduct="Premium Weather API"
apigee.sampleData.developer="Nikolai Tesla"
apigee.sampleData.app="Weather App"

#New Proxy Wizard
apigee.newProxy.sampleBackendUrl="https://api.usergrid.com"

#Restricted Resource
apigee.rbac.restrictedResources="/environments,/environments/*,/environments/*/virtualhosts,/environments/*/virtualhosts/*"

application.helpUrl="http://apigee.com/docs"
application.communitySupportUrl="http://community.apigee.com"
application.communityForumsUrl="http://community.apigee.com"
application.supportUrl="http://support.apigee.com"
application.helpUrlCustom=""
application.helpUrlCustomApiDetail=""
apigee.feature.disableDefaultHelp="false"

## feature flags

apigee.mgmt.skipSecurity="false"

apigee.feature.usePlatformOptimizedAssets="true"
apigee.feature.useOptimizedJS="true"
apigee.feature.useOptimizedCSS="true"
apigee.feature.disableDevPortal="false"
apigee.feature.devPortalSignupHref="http://apigee.com/docs/content/developer-services-portal-request"
apigee.feature.disableGeoMap="true"
apigee.feature.enableErrorAlerts="false"
## As per https://apigeesc.atlassian.net/browse/MGMT-1492 new default should be:
*************************************************************************
apigee.feature.devPortalTemplate="https://apicentral.west.com:8079/"
*************************************************************************

## This feature will add the the uuid as a header in all responses.
## Useful for debugging in some cases.
apigee.feature.responseContainsUUIDHeader="true"

apigee.feature.enableEnvironmentManagement="true"
apigee.feature.enablePostClientResponseFlow="false"
apigee.feature.enableRoleManagement="true"
apigee.feature.enableCompanies="false"

apigee.feature.useHTTPS="true"

apigee.feature.enableCommerce="false"
apigee.feature.enableApix="false"

apigee.feature.disableNewPolicyJavaCallout="false"
apigee.feature.disableNewApiProxyNodeJs="false"
apigee.feature.suppressBetaLabel="false"

#
# Analytics features
#
apigee.feature.enableForceRangeLimit="true"
apigee.feature.enableLatencyAnalysis="true"

#
# Single Sign-On
#
apigee.feature.useSso="false"
apigee.feature.ssoBaseUrl="https://accounts.apigee.com"
apigee.feature.ssoSignInUrl=${apigee.feature.ssoBaseUrl}"/accounts/sign_in"
apigee.feature.ssoSignOutUrl=${apigee.feature.ssoBaseUrl}"/accounts/sign_out"
apigee.feature.ssoUserSettingsUrl=${apigee.feature.ssoBaseUrl}"/accounts/my_account"
apigee.feature.ssoUserInfoUrl=${apigee.feature.ssoBaseUrl}"/api/v1/users"
apigee.feature.ssoSignUpUrl=${apigee.feature.ssoBaseUrl}"/accounts/sign_up"
apigee.feature.ssoClientId="apiplatform"
apigee.feature.disableSsoEmailValidation="false"
apigee.feature.sso2TokenEndpoint=""
apigee.feature.ssoClientSecret=""
apigee.feature.useSso2Version="false"
apigee.feature.ssoZonesEnabled="false"
# This should be edge-beta.e2e.apigee.net for e2e and localhost:<port> for localhost testing.
# Default value for prod is enterprise.apigee.com.
apigee.feature.defaultZoneEdgeHost=""
# This should be login.e2e.apigee.net if using e2e sso2 and localhost:<port> if you are
# running sso2 locally. Default value for prod is login.apigee.com
apigee.feature.sso2EndPointHost=""

## notifications
notifications.info.timeout="5000"
notifications.info.fadeout="true"
notifications.error.fadeout="false"

apigee.isInternalInstallation="false"


# Themes
apigee.theme.bootstrapWrapper="bootstrapThemeOrange"
apigee.theme.productizeTitle="Web API Design eBook"
apigee.theme.productizeImage="images/login-carousel/web-api-design.png"
apigee.theme.productizeDescription="Design your APIs in a pragmatic style that makes your developers successful."
apigee.theme.productizeLearnMoreHref="http://offers.apigee.com/api-design-ebook-rr"

# Whether to enable the consent banner. Only applicable if SSO is not enabled
apigee.feature.enableConsentBanner="false"
# The text to display on the consent button
apigee.consentBanner.buttonCaption="I Agree"
# The body can contain html, for example
# apigee.consentBanner.body=""
apigee.consentBanner.body=""

# Trace
#apigee.trace.tracesize="5120"
apigee.trace.transactionLimit="20"
apigee.feature.traceVersionDefault2014="true"
apigee.trace.consoleBaseUrl="https://apigee.com"
apigee.trace.consoleUrl="{baseUrl}/console/others?req="


#Gzip
# Whether to return gzip responses to browser
apigee.feature.disableGzipResponses="false"

# The minimum password length. Password is first tested against this, then the regexp, below, if any.
#apigee.passwordPolicy.pwdMinLength =8

## Add a javascript style regex,
## for example: (note that backslashes still need to be escaped). Single quotes must also be escaped.
## The following example enforces an 8-10 long password with at least one digit, one lowercase character, one
## uppercase character, and one special character.
#apigee.passwordPolicy.pwdValidationRegex="^(?=.*\\\\d)(?=.*[a-z])(?=.*[A-Z])(?=.*[#$%]).{8,10}$"
# The hint text for reset password and change password. If the string contains any single quotes, they must be
# escaped with a backslash
apigee.passwordPolicy.pwdHint="Passwords must have a Good or Strong rating. Passwords must be at least 8 characters long. Good passwords contain either a combination of uppercase and lowercase letters or a combination of letters and one digit. Strong passwords contain either a combination of letters and more than one digit or special characters."


# Whether to set "no-store" on Cache-Control header
apigee.feature.enableCacheControlNoStore="false"

apigee.feature.enableXframeOptionsHeader="true"
apigee.feature.xframeOptionsHeaderValue="DENY"

apigee.feature.enableMfaCheck="false"

#New API Proxy
apigee.feature.enableNodejsBaasSample="false"
apigee.feature.disableNewProxyWizard="false"

#New Proxy Editor
apigee.feature.newPEHelpLink="http://apigee.com/docs/api-services/content/new-api-proxy-ui-highlights"

# Whether to turn on trace functionality for internal addresses - SiteLocalAddress or LoopbackAddress or AnyLocalAddress
apigee.feature.enableTraceForInternalAddresses="true"

# Whether to allow processing WSDL URLs located in internal addresses
apigee.feature.enableWsdlForInternalAddresses="true"

# Whether to allow processing Open API URLs located in internal addresses
apigee.feature.enableOpenApiForInternalAddresses="true"

#KVM
apigee.feature.kvmEntryLimit="150"

#SpecHub
apigee.feature.enableSpecHubSupport="false"

#Node.js Logs Autorefresh Interval
apigee.nodejsLogIntervalInSeconds=5

# Whether to forward the X-Forwarded-For header in requests to Management Server
apigee.feature.enableXForwardedFor="true"

******************************
SSL Certificate location:
*****************************

 ssl_certificate:  /opt/apigee/customer/nginx/ssl/2019-02-22.wildcard.crt; ssl_certificate_key /opt/apigee/customer/nginx/ssl/2019-02-22.key;